
> frontend@0.0.1 build
> vite build

[36mvite v7.3.1 [32mbuilding ssr environment for production...[36m[39m
transforming...
node.exe : 21.36.10 
[vite-plugin-svelte] sr
c/routes/(app)/settings
/+page.svelte:50:7 
Buttons and links 
should either contain 
text or have an 
`aria-label`, 
`aria-labelledby` or 
`title` attribute
At line:1 char:1
+ & "D:\ENV\NodeJS/node
.exe" "C:\Users\Renz\Ap
pData\Roaming\npm/node_
mo ...
+ ~~~~~~~~~~~~~~~~~~~~~
~~~~~~~~~~~~~~~~~~~~~~~
~~~~~~~~~~~~~~~~~~~~~~~
~~
    + CategoryInfo     
         : 
NotSpecified:     
(21.36.10 [vite-...i   
 tle` attribute:Strin  
  g) [], RemoteExcepti 
   on
    + 
FullyQualifiedErro    
rId : NativeCommandE   
 rror
 
https://svelte.dev/e/a1
1y_consider_explicit_la
bel
48:             <div 
class="relative">
49:               
<Avatar initials="JD" 
size="lg" />
50:               
<button
                       
  ^
51:                 
class="absolute 
-right-1 -bottom-1 
flex h-6 w-6 
items-center 
justify-center 
rounded-full 
bg-indigo-500 
text-white shadow-sm 
hover:bg-indigo-400"
52:               >
21.36.10 
[vite-plugin-svelte] sr
c/routes/(app)/settings
/+page.svelte:72:9 A 
form label must be 
associated with a 
control
https://svelte.dev/e/a1
1y_label_has_associated
_control
70:               <div 
class="grid 
grid-cols-2 gap-4">
71:                 
<div>
72:                   
<label class="mb-1 
block text-sm 
font-medium 
text-slate-400">First 
Name</label>
                       
                       
                       
                       
         ^
73:                   
<Input value="John" />
74:                 
</div>
21.36.10 
[vite-plugin-svelte] sr
c/routes/(app)/settings
/+page.svelte:76:9 A 
form label must be 
associated with a 
control
https://svelte.dev/e/a1
1y_label_has_associated
_control
74:                 
</div>
75:                 
<div>
76:                   
<label class="mb-1 
block text-sm 
font-medium 
text-slate-400">Last 
Name</label>
                       
                       
                       
                       
        ^
77:                   
<Input value="Doe" />
78:                 
</div>
21.36.10 
[vite-plugin-svelte] sr
c/routes/(app)/settings
/+page.svelte:81:8 A 
form label must be 
associated with a 
control
https://svelte.dev/e/a1
1y_label_has_associated
_control
79:               
</div>
80:               <div>
81:                 
<label class="mb-1 
block text-sm 
font-medium text-slate-
400">Email</label>
                       
                       
                       
                       
  ^
82:                 
<Input value="john@exam
ple.com" disabled />
83:               
</div>
21.36.10 
[vite-plugin-svelte] sr
c/routes/(app)/settings
/+page.svelte:111:7 
Buttons and links 
should either contain 
text or have an 
`aria-label`, 
`aria-labelledby` or 
`title` attribute
https://svelte.dev/e/a1
1y_consider_explicit_la
bel
109:                 
<div class="text-sm tex
t-slate-500">Receive 
updates about 
activity</div>
110:               
</div>
111:               
<button
                       
   ^
112:                 
class="relative 
inline-flex h-6 w-11 
items-center 
rounded-full 
transition-colors 
focus:ring-2 
focus:ring-indigo-500 
focus:ring-offset-2 
focus:outline-none 
{settings.notifications
113:                   
? 'bg-indigo-500'
21.36.10 
[vite-plugin-svelte] sr
c/routes/(app)/settings
/+page.svelte:136:7 
Buttons and links 
should either contain 
text or have an 
`aria-label`, 
`aria-labelledby` or 
`title` attribute
https://svelte.dev/e/a1
1y_consider_explicit_la
bel
134:                 
<div class="text-sm tex
t-slate-500">Automatica
lly save changes</div>
135:               
</div>
136:               
<button
                       
   ^
137:                 
class="relative 
inline-flex h-6 w-11 
items-center 
rounded-full 
transition-colors 
focus:ring-2 
focus:ring-indigo-500 
focus:ring-offset-2 
focus:outline-none 
{settings.autoSave
138:                   
? 'bg-indigo-500'
21.36.10 
[vite-plugin-svelte] sr
c/routes/(app)/dashboar
d/+page.svelte:336:4 A 
form label must be 
associated with a 
control
https://svelte.dev/e/a1
1y_label_has_associated
_control
334:       </div>
335:       <div 
class="mb-4">
336:         <label 
class="mb-2 block 
text-sm text-slate-400"
>Diagram Type</label>
                       
                       
                       
             ^
337:         <div 
class="grid 
grid-cols-3 gap-2">
338:           {#each 
DIAGRAM_TYPES as dt}
21.36.10 
[vite-plugin-svelte] sr
c/routes/(app)/workspac
e/[id]/+page.svelte:325
:3 A form label must 
be associated with a 
control
https://svelte.dev/e/a1
1y_label_has_associated
_control
323:     </div>
324:     <div>
325:       <label 
class="mb-2 block 
text-sm text-slate-400"
>Diagram Type</label>
                       
                       
                       
           ^
326:       <div 
class="grid 
grid-cols-3 gap-2">
327:         {#each 
DIAGRAM_TYPES as dt}
21.36.10 
[vite-plugin-svelte] sr
c/lib/components/editor
/Toolbar.svelte:150:4 
Avoid using autofocus
https://svelte.dev/e/a1
1y_autofocus
148:         }}
149:         
class="rounded border 
border-indigo-500 
bg-slate-800 px-2 
py-0.5 text-sm 
text-white 
focus:outline-none"
150:         autofocus
                      ^
151:       />
152:     {:else}
21.36.10 
[vite-plugin-svelte] sr
c/lib/components/editor
/Sidebar.svelte:56:3 
This reference only 
captures the initial 
value of 
`diagramType`. Did you 
mean to reference it 
inside a derived 
instead?
https://svelte.dev/e/st
ate_referenced_locally
54:     tools: false,
55:     general: true,
56:     [diagramType]: 
true
                    ^
57:   });
58: 
21.36.10 
[vite-plugin-svelte] sr
c/lib/components/editor
/PropertyPanel.svelte:8
2:6 A form label must 
be associated with a 
control
https://svelte.dev/e/a1
1y_label_has_associated
_control
80:           <!-- 
Fill -->
81:           <div 
class="space-y-2">
82:             <label 
class="block text-xs 
font-semibold text-slat
e-400">Fill</label>
                       
                       
                       
                 ^
83:             <div 
class="flex 
items-center gap-2">
84:               
<input
21.36.10 
[vite-plugin-svelte] sr
c/lib/components/editor
/PropertyPanel.svelte:1
10:6 A form label must 
be associated with a 
control
https://svelte.dev/e/a1
1y_label_has_associated
_control
108:           <!-- 
Stroke -->
109:           <div 
class="space-y-2">
110:             
<label class="block 
text-xs font-semibold t
ext-slate-400">Border</
label>
                       
                       
                       
                    ^
111:             <div 
class="grid 
grid-cols-2 gap-2">
112:               
<input
21.36.10 
[vite-plugin-svelte] sr
c/lib/components/editor
/PropertyPanel.svelte:1
43:6 A form label must 
be associated with a 
control
https://svelte.dev/e/a1
1y_label_has_associated
_control
141:           <!-- 
Effects -->
142:           <div 
class="space-y-2">
143:             
<label class="block 
text-xs font-semibold t
ext-slate-400">Effects<
/label>
                       
                       
                       
                     ^
144:             
<label class="flex 
items-center gap-2 
text-xs 
text-slate-400">
145:               
<input
21.36.10 
[vite-plugin-svelte] sr
c/lib/components/editor
/PropertyPanel.svelte:1
75:6 A form label must 
be associated with a 
control
https://svelte.dev/e/a1
1y_label_has_associated
_control
173:         <div 
class="space-y-4">
174:           <div 
class="space-y-2">
175:             
<label class="block 
text-xs font-semibold t
ext-slate-400">Label</l
abel>
                       
                       
                       
                   ^
176:             
<textarea
177:               valu
e={selectedNode.label}
21.36.10 
[vite-plugin-svelte] sr
c/lib/components/editor
/PropertyPanel.svelte:1
85:6 A form label must 
be associated with a 
control
https://svelte.dev/e/a1
1y_label_has_associated
_control
183: 
184:           <div 
class="space-y-2">
185:             
<label class="block 
text-xs font-semibold t
ext-slate-400">Font</la
bel>
                       
                       
                       
                  ^
186:             
<select
187:               valu
e={selectedNode.style?.
fontFamily || 
'sans-serif'}
21.36.10 
[vite-plugin-svelte] sr
c/lib/components/editor
/PropertyPanel.svelte:2
48:6 A form label must 
be associated with a 
control
https://svelte.dev/e/a1
1y_label_has_associated
_control
246:           </div>
247:           <div 
class="space-y-2">
248:             
<label class="block 
text-xs font-semibold t
ext-slate-400">Color</l
abel>
                       
                       
                       
                   ^
249:             <div 
class="flex 
items-center gap-2">
250:               
<input
21.36.10 
[vite-plugin-svelte] sr
c/lib/components/editor
/PropertyPanel.svelte:2
69:7 A form label must 
be associated with a 
control
https://svelte.dev/e/a1
1y_label_has_associated
_control
267:           <div 
class="grid 
grid-cols-2 gap-4">
268:             <div 
class="space-y-1">
269:               
<label 
class="text-[10px] 
font-bold 
text-slate-500 
uppercase">X</label>
                       
                       
                       
                     ^
270:               
<input
271:                 
type="number"
21.36.10 
[vite-plugin-svelte] sr
c/lib/components/editor
/PropertyPanel.svelte:2
81:7 A form label must 
be associated with a 
control
https://svelte.dev/e/a1
1y_label_has_associated
_control
279:             </div>
280:             <div 
class="space-y-1">
281:               
<label 
class="text-[10px] 
font-bold 
text-slate-500 
uppercase">Y</label>
                       
                       
                       
                     ^
282:               
<input
283:                 
type="number"
21.36.10 
[vite-plugin-svelte] sr
c/lib/components/editor
/PropertyPanel.svelte:2
93:7 A form label must 
be associated with a 
control
https://svelte.dev/e/a1
1y_label_has_associated
_control
291:             </div>
292:             <div 
class="space-y-1">
293:               
<label 
class="text-[10px] 
font-bold 
text-slate-500 
uppercase">W</label>
                       
                       
                       
                     ^
294:               
<input
295:                 
type="number"
21.36.10 
[vite-plugin-svelte] sr
c/lib/components/editor
/PropertyPanel.svelte:3
02:7 A form label must 
be associated with a 
control
https://svelte.dev/e/a1
1y_label_has_associated
_control
300:             </div>
301:             <div 
class="space-y-1">
302:               
<label 
class="text-[10px] 
font-bold 
text-slate-500 
uppercase">H</label>
                       
                       
                       
                     ^
303:               
<input
304:                 
type="number"
21.36.10 
[vite-plugin-svelte] sr
c/lib/components/editor
/PropertyPanel.svelte:3
15:6 A form label must 
be associated with a 
control
https://svelte.dev/e/a1
1y_label_has_associated
_control
313: 
314:           <div 
class="space-y-2">
315:             
<label class="block 
text-xs font-semibold t
ext-slate-400">Z-Order<
/label>
                       
                       
                       
                     ^
316:             <div 
class="grid 
grid-cols-2 gap-2">
317:               
<button
21.36.10 
[vite-plugin-svelte] sr
c/lib/components/editor
/PropertyPanel.svelte:3
50:4 A form label must 
be associated with a 
control
https://svelte.dev/e/a1
1y_label_has_associated
_control
348:     <div 
class="space-y-4 p-4 
text-slate-200">
349:       <div 
class="space-y-2">
350:         <label 
class="block text-xs 
font-semibold 
text-slate-400">Line 
Style</label>
                       
                       
                       
                    ^
351:         <select
352:           value={s
electedEdge.type || 
'default'}
21.36.10 
[vite-plugin-svelte] sr
c/lib/components/editor
/PropertyPanel.svelte:3
62:4 A form label must 
be associated with a 
control
https://svelte.dev/e/a1
1y_label_has_associated
_control
360:       </div>
361:       <div 
class="space-y-2">
362:         <label 
class="block text-xs 
font-semibold text-slat
e-400">Stroke</label>
                       
                       
                       
                ^
363:         <div 
class="flex gap-2">
364:           <input
21.36.10 
[vite-plugin-svelte] sr
c/lib/components/editor
/PropertyPanel.svelte:3
90:4 A form label must 
be associated with a 
control
https://svelte.dev/e/a1
1y_label_has_associated
_control
388:       </div>
389:       <div 
class="space-y-2">
390:         <label 
class="block text-xs 
font-semibold text-slat
e-400">Markers</label>
                       
                       
                       
                 ^
391:         <div 
class="grid 
grid-cols-2 gap-2">
392:           <select
21.36.11 
[vite-plugin-svelte] sr
c/lib/components/edges/
BaseEdge.svelte:70:5 
`inputRef` is updated, 
but is not declared 
with `$state(...)`. 
Changing its value 
will not correctly 
trigger updates
https://svelte.dev/e/no
n_reactive_update
68: 
69:   let isEditing = 
$state(false);
70:   let inputRef: 
HTMLInputElement;
                       
             ^
71: 
72:   // Calculate 
midpoint for label 
placement
21.36.11 
[vite-plugin-svelte] sr
c/lib/components/nodes/
ShapeNode.svelte:18:27 
This reference only 
captures the initial 
value of `node`. Did 
you mean to reference 
it inside a closure 
instead?
https://svelte.dev/e/st
ate_referenced_locally
16:   };
17: 
18:   const fallback = 
styleMap[node.color || 
'slate'] || 
styleMap.slate;
                       
             ^
19: 
20:   let w = 
$derived(node.width || 
120);
[32m✓[39m 261 modules transformed.
rendering chunks...
[36mvite v7.3.1 [32mbuilding client environment for production...[36m[39m
transforming...
21.36.13 
[vite-plugin-svelte] sr
c/routes/(app)/dashboar
d/+page.svelte:336:4 A 
form label must be 
associated with a 
control
https://svelte.dev/e/a1
1y_label_has_associated
_control
334:       </div>
335:       <div 
class="mb-4">
336:         <label 
class="mb-2 block 
text-sm text-slate-400"
>Diagram Type</label>
                       
                       
                       
             ^
337:         <div 
class="grid 
grid-cols-3 gap-2">
338:           {#each 
DIAGRAM_TYPES as dt}
21.36.13 
[vite-plugin-svelte] sr
c/routes/(app)/workspac
e/[id]/+page.svelte:325
:3 A form label must 
be associated with a 
control
https://svelte.dev/e/a1
1y_label_has_associated
_control
323:     </div>
324:     <div>
325:       <label 
class="mb-2 block 
text-sm text-slate-400"
>Diagram Type</label>
                       
                       
                       
           ^
326:       <div 
class="grid 
grid-cols-3 gap-2">
327:         {#each 
DIAGRAM_TYPES as dt}
21.36.13 
[vite-plugin-svelte] sr
c/routes/(app)/settings
/+page.svelte:50:7 
Buttons and links 
should either contain 
text or have an 
`aria-label`, 
`aria-labelledby` or 
`title` attribute
https://svelte.dev/e/a1
1y_consider_explicit_la
bel
48:             <div 
class="relative">
49:               
<Avatar initials="JD" 
size="lg" />
50:               
<button
                       
  ^
51:                 
class="absolute 
-right-1 -bottom-1 
flex h-6 w-6 
items-center 
justify-center 
rounded-full 
bg-indigo-500 
text-white shadow-sm 
hover:bg-indigo-400"
52:               >
21.36.13 
[vite-plugin-svelte] sr
c/routes/(app)/settings
/+page.svelte:72:9 A 
form label must be 
associated with a 
control
https://svelte.dev/e/a1
1y_label_has_associated
_control
70:               <div 
class="grid 
grid-cols-2 gap-4">
71:                 
<div>
72:                   
<label class="mb-1 
block text-sm 
font-medium 
text-slate-400">First 
Name</label>
                       
                       
                       
                       
         ^
73:                   
<Input value="John" />
74:                 
</div>
21.36.13 
[vite-plugin-svelte] sr
c/routes/(app)/settings
/+page.svelte:76:9 A 
form label must be 
associated with a 
control
https://svelte.dev/e/a1
1y_label_has_associated
_control
74:                 
</div>
75:                 
<div>
76:                   
<label class="mb-1 
block text-sm 
font-medium 
text-slate-400">Last 
Name</label>
                       
                       
                       
                       
        ^
77:                   
<Input value="Doe" />
78:                 
</div>
21.36.13 
[vite-plugin-svelte] sr
c/routes/(app)/settings
/+page.svelte:81:8 A 
form label must be 
associated with a 
control
https://svelte.dev/e/a1
1y_label_has_associated
_control
79:               
</div>
80:               <div>
81:                 
<label class="mb-1 
block text-sm 
font-medium text-slate-
400">Email</label>
                       
                       
                       
                       
  ^
82:                 
<Input value="john@exam
ple.com" disabled />
83:               
</div>
21.36.13 
[vite-plugin-svelte] sr
c/routes/(app)/settings
/+page.svelte:111:7 
Buttons and links 
should either contain 
text or have an 
`aria-label`, 
`aria-labelledby` or 
`title` attribute
https://svelte.dev/e/a1
1y_consider_explicit_la
bel
109:                 
<div class="text-sm tex
t-slate-500">Receive 
updates about 
activity</div>
110:               
</div>
111:               
<button
                       
   ^
112:                 
class="relative 
inline-flex h-6 w-11 
items-center 
rounded-full 
transition-colors 
focus:ring-2 
focus:ring-indigo-500 
focus:ring-offset-2 
focus:outline-none 
{settings.notifications
113:                   
? 'bg-indigo-500'
21.36.13 
[vite-plugin-svelte] sr
c/routes/(app)/settings
/+page.svelte:136:7 
Buttons and links 
should either contain 
text or have an 
`aria-label`, 
`aria-labelledby` or 
`title` attribute
https://svelte.dev/e/a1
1y_consider_explicit_la
bel
134:                 
<div class="text-sm tex
t-slate-500">Automatica
lly save changes</div>
135:               
</div>
136:               
<button
                       
   ^
137:                 
class="relative 
inline-flex h-6 w-11 
items-center 
rounded-full 
transition-colors 
focus:ring-2 
focus:ring-indigo-500 
focus:ring-offset-2 
focus:outline-none 
{settings.autoSave
138:                   
? 'bg-indigo-500'
21.36.13 
[vite-plugin-svelte] sr
c/lib/components/editor
/PropertyPanel.svelte:8
2:6 A form label must 
be associated with a 
control
https://svelte.dev/e/a1
1y_label_has_associated
_control
80:           <!-- 
Fill -->
81:           <div 
class="space-y-2">
82:             <label 
class="block text-xs 
font-semibold text-slat
e-400">Fill</label>
                       
                       
                       
                 ^
83:             <div 
class="flex 
items-center gap-2">
84:               
<input
21.36.13 
[vite-plugin-svelte] sr
c/lib/components/editor
/PropertyPanel.svelte:1
10:6 A form label must 
be associated with a 
control
https://svelte.dev/e/a1
1y_label_has_associated
_control
108:           <!-- 
Stroke -->
109:           <div 
class="space-y-2">
110:             
<label class="block 
text-xs font-semibold t
ext-slate-400">Border</
label>
                       
                       
                       
                    ^
111:             <div 
class="grid 
grid-cols-2 gap-2">
112:               
<input
21.36.13 
[vite-plugin-svelte] sr
c/lib/components/editor
/PropertyPanel.svelte:1
43:6 A form label must 
be associated with a 
control
https://svelte.dev/e/a1
1y_label_has_associated
_control
141:           <!-- 
Effects -->
142:           <div 
class="space-y-2">
143:             
<label class="block 
text-xs font-semibold t
ext-slate-400">Effects<
/label>
                       
                       
                       
                     ^
144:             
<label class="flex 
items-center gap-2 
text-xs 
text-slate-400">
145:               
<input
21.36.13 
[vite-plugin-svelte] sr
c/lib/components/editor
/PropertyPanel.svelte:1
75:6 A form label must 
be associated with a 
control
https://svelte.dev/e/a1
1y_label_has_associated
_control
173:         <div 
class="space-y-4">
174:           <div 
class="space-y-2">
175:             
<label class="block 
text-xs font-semibold t
ext-slate-400">Label</l
abel>
                       
                       
                       
                   ^
176:             
<textarea
177:               valu
e={selectedNode.label}
21.36.13 
[vite-plugin-svelte] sr
c/lib/components/editor
/PropertyPanel.svelte:1
85:6 A form label must 
be associated with a 
control
https://svelte.dev/e/a1
1y_label_has_associated
_control
183: 
184:           <div 
class="space-y-2">
185:             
<label class="block 
text-xs font-semibold t
ext-slate-400">Font</la
bel>
                       
                       
                       
                  ^
186:             
<select
187:               valu
e={selectedNode.style?.
fontFamily || 
'sans-serif'}
21.36.13 
[vite-plugin-svelte] sr
c/lib/components/editor
/PropertyPanel.svelte:2
48:6 A form label must 
be associated with a 
control
https://svelte.dev/e/a1
1y_label_has_associated
_control
246:           </div>
247:           <div 
class="space-y-2">
248:             
<label class="block 
text-xs font-semibold t
ext-slate-400">Color</l
abel>
                       
                       
                       
                   ^
249:             <div 
class="flex 
items-center gap-2">
250:               
<input
21.36.13 
[vite-plugin-svelte] sr
c/lib/components/editor
/PropertyPanel.svelte:2
69:7 A form label must 
be associated with a 
control
https://svelte.dev/e/a1
1y_label_has_associated
_control
267:           <div 
class="grid 
grid-cols-2 gap-4">
268:             <div 
class="space-y-1">
269:               
<label 
class="text-[10px] 
font-bold 
text-slate-500 
uppercase">X</label>
                       
                       
                       
                     ^
270:               
<input
271:                 
type="number"
21.36.13 
[vite-plugin-svelte] sr
c/lib/components/editor
/PropertyPanel.svelte:2
81:7 A form label must 
be associated with a 
control
https://svelte.dev/e/a1
1y_label_has_associated
_control
279:             </div>
280:             <div 
class="space-y-1">
281:               
<label 
class="text-[10px] 
font-bold 
text-slate-500 
uppercase">Y</label>
                       
                       
                       
                     ^
282:               
<input
283:                 
type="number"
21.36.13 
[vite-plugin-svelte] sr
c/lib/components/editor
/PropertyPanel.svelte:2
93:7 A form label must 
be associated with a 
control
https://svelte.dev/e/a1
1y_label_has_associated
_control
291:             </div>
292:             <div 
class="space-y-1">
293:               
<label 
class="text-[10px] 
font-bold 
text-slate-500 
uppercase">W</label>
                       
                       
                       
                     ^
294:               
<input
295:                 
type="number"
21.36.13 
[vite-plugin-svelte] sr
c/lib/components/editor
/PropertyPanel.svelte:3
02:7 A form label must 
be associated with a 
control
https://svelte.dev/e/a1
1y_label_has_associated
_control
300:             </div>
301:             <div 
class="space-y-1">
302:               
<label 
class="text-[10px] 
font-bold 
text-slate-500 
uppercase">H</label>
                       
                       
                       
                     ^
303:               
<input
304:                 
type="number"
21.36.13 
[vite-plugin-svelte] sr
c/lib/components/editor
/PropertyPanel.svelte:3
15:6 A form label must 
be associated with a 
control
https://svelte.dev/e/a1
1y_label_has_associated
_control
313: 
314:           <div 
class="space-y-2">
315:             
<label class="block 
text-xs font-semibold t
ext-slate-400">Z-Order<
/label>
                       
                       
                       
                     ^
316:             <div 
class="grid 
grid-cols-2 gap-2">
317:               
<button
21.36.13 
[vite-plugin-svelte] sr
c/lib/components/editor
/PropertyPanel.svelte:3
50:4 A form label must 
be associated with a 
control
https://svelte.dev/e/a1
1y_label_has_associated
_control
348:     <div 
class="space-y-4 p-4 
text-slate-200">
349:       <div 
class="space-y-2">
350:         <label 
class="block text-xs 
font-semibold 
text-slate-400">Line 
Style</label>
                       
                       
                       
                    ^
351:         <select
352:           value={s
electedEdge.type || 
'default'}
21.36.13 
[vite-plugin-svelte] sr
c/lib/components/editor
/PropertyPanel.svelte:3
62:4 A form label must 
be associated with a 
control
https://svelte.dev/e/a1
1y_label_has_associated
_control
360:       </div>
361:       <div 
class="space-y-2">
362:         <label 
class="block text-xs 
font-semibold text-slat
e-400">Stroke</label>
                       
                       
                       
                ^
363:         <div 
class="flex gap-2">
364:           <input
21.36.13 
[vite-plugin-svelte] sr
c/lib/components/editor
/PropertyPanel.svelte:3
90:4 A form label must 
be associated with a 
control
https://svelte.dev/e/a1
1y_label_has_associated
_control
388:       </div>
389:       <div 
class="space-y-2">
390:         <label 
class="block text-xs 
font-semibold text-slat
e-400">Markers</label>
                       
                       
                       
                 ^
391:         <div 
class="grid 
grid-cols-2 gap-2">
392:           <select
21.36.13 
[vite-plugin-svelte] sr
c/lib/components/editor
/Toolbar.svelte:150:4 
Avoid using autofocus
https://svelte.dev/e/a1
1y_autofocus
148:         }}
149:         
class="rounded border 
border-indigo-500 
bg-slate-800 px-2 
py-0.5 text-sm 
text-white 
focus:outline-none"
150:         autofocus
                      ^
151:       />
152:     {:else}
21.36.13 
[vite-plugin-svelte] sr
c/lib/components/editor
/Sidebar.svelte:56:3 
This reference only 
captures the initial 
value of 
`diagramType`. Did you 
mean to reference it 
inside a derived 
instead?
https://svelte.dev/e/st
ate_referenced_locally
54:     tools: false,
55:     general: true,
56:     [diagramType]: 
true
                    ^
57:   });
58: 
21.36.14 
[vite-plugin-svelte] sr
c/lib/components/nodes/
ShapeNode.svelte:18:27 
This reference only 
captures the initial 
value of `node`. Did 
you mean to reference 
it inside a closure 
instead?
https://svelte.dev/e/st
ate_referenced_locally
16:   };
17: 
18:   const fallback = 
styleMap[node.color || 
'slate'] || 
styleMap.slate;
                       
             ^
19: 
20:   let w = 
$derived(node.width || 
120);
21.36.14 
[vite-plugin-svelte] sr
c/lib/components/edges/
BaseEdge.svelte:70:5 
`inputRef` is updated, 
but is not declared 
with `$state(...)`. 
Changing its value 
will not correctly 
trigger updates
https://svelte.dev/e/no
n_reactive_update
68: 
69:   let isEditing = 
$state(false);
70:   let inputRef: 
HTMLInputElement;
                       
             ^
71: 
72:   // Calculate 
midpoint for label 
placement
[32m✓[39m 231 modules transformed.
rendering chunks...
computing gzip size...
[2m.svelte-kit/output/client/[22m[32m_app/version.json                             [39m[1m[2m  0.03 kB[22m[1m[22m[2m │ gzip:  0.05 kB[22m
[2m.svelte-kit/output/client/[22m[32m.vite/manifest.json                           [39m[1m[2m 12.40 kB[22m[1m[22m[2m │ gzip:  1.54 kB[22m
[2m.svelte-kit/output/client/[22m[35m_app/immutable/assets/documents.B3xxy-pT.css  [39m[1m[2m  0.20 kB[22m[1m[22m[2m │ gzip:  0.15 kB[22m
[2m.svelte-kit/output/client/[22m[35m_app/immutable/assets/6.L4uG7g_F.css          [39m[1m[2m  0.37 kB[22m[1m[22m[2m │ gzip:  0.18 kB[22m
[2m.svelte-kit/output/client/[22m[35m_app/immutable/assets/0.CZlx_fZj.css          [39m[1m[2m 52.25 kB[22m[1m[22m[2m │ gzip:  9.07 kB[22m
[2m.svelte-kit/output/client/[22m[36m_app/immutable/chunks/Ds-HzOek.js             [39m[1m[2m  0.04 kB[22m[1m[22m[2m │ gzip:  0.06 kB[22m
[2m.svelte-kit/output/client/[22m[36m_app/immutable/entry/start.PrOseUOa.js        [39m[1m[2m  0.08 kB[22m[1m[22m[2m │ gzip:  0.09 kB[22m
[2m.svelte-kit/output/client/[22m[36m_app/immutable/chunks/BUMjW9yQ.js             [39m[1m[2m  0.19 kB[22m[1m[22m[2m │ gzip:  0.17 kB[22m
[2m.svelte-kit/output/client/[22m[36m_app/immutable/chunks/Q5qtM32t.js             [39m[1m[2m  0.23 kB[22m[1m[22m[2m │ gzip:  0.16 kB[22m
[2m.svelte-kit/output/client/[22m[36m_app/immutable/chunks/CrbGl-pK.js             [39m[1m[2m  0.25 kB[22m[1m[22m[2m │ gzip:  0.20 kB[22m
[2m.svelte-kit/output/client/[22m[36m_app/immutable/nodes/2.DrMw6Ifk.js            [39m[1m[2m  0.28 kB[22m[1m[22m[2m │ gzip:  0.21 kB[22m
[2m.svelte-kit/output/client/[22m[36m_app/immutable/chunks/PM9FsdJF.js             [39m[1m[2m  0.37 kB[22m[1m[22m[2m │ gzip:  0.26 kB[22m
[2m.svelte-kit/output/client/[22m[36m_app/immutable/chunks/C0yjU4-7.js             [39m[1m[2m  0.46 kB[22m[1m[22m[2m │ gzip:  0.30 kB[22m
[2m.svelte-kit/output/client/[22m[36m_app/immutable/chunks/DF9OLze6.js             [39m[1m[2m  0.52 kB[22m[1m[22m[2m │ gzip:  0.33 kB[22m
[2m.svelte-kit/output/client/[22m[36m_app/immutable/chunks/wxTHhcyg.js             [39m[1m[2m  0.53 kB[22m[1m[22m[2m │ gzip:  0.36 kB[22m
[2m.svelte-kit/output/client/[22m[36m_app/immutable/nodes/1.DCD0kY7V.js            [39m[1m[2m  0.59 kB[22m[1m[22m[2m │ gzip:  0.36 kB[22m
[2m.svelte-kit/output/client/[22m[36m_app/immutable/chunks/CDt90HQp.js             [39m[1m[2m  0.82 kB[22m[1m[22m[2m │ gzip:  0.46 kB[22m
[2m.svelte-kit/output/client/[22m[36m_app/immutable/chunks/BUOQ4FEw.js             [39m[1m[2m  1.02 kB[22m[1m[22m[2m │ gzip:  0.49 kB[22m
[2m.svelte-kit/output/client/[22m[36m_app/immutable/chunks/DJdim9nd.js             [39m[1m[2m  1.03 kB[22m[1m[22m[2m │ gzip:  0.61 kB[22m
[2m.svelte-kit/output/client/[22m[36m_app/immutable/chunks/CL9tpgcT.js             [39m[1m[2m  1.13 kB[22m[1m[22m[2m │ gzip:  0.65 kB[22m
[2m.svelte-kit/output/client/[22m[36m_app/immutable/chunks/DewoBmAM.js             [39m[1m[2m  1.17 kB[22m[1m[22m[2m │ gzip:  0.70 kB[22m
[2m.svelte-kit/output/client/[22m[36m_app/immutable/chunks/CkiUPCJl.js             [39m[1m[2m  1.44 kB[22m[1m[22m[2m │ gzip:  0.75 kB[22m
[2m.svelte-kit/output/client/[22m[36m_app/immutable/chunks/B68YbrNH.js             [39m[1m[2m  1.44 kB[22m[1m[22m[2m │ gzip:  0.79 kB[22m
[2m.svelte-kit/output/client/[22m[36m_app/immutable/chunks/LVPwXLs_.js             [39m[1m[2m  1.46 kB[22m[1m[22m[2m │ gzip:  0.80 kB[22m
[2m.svelte-kit/output/client/[22m[36m_app/immutable/chunks/DQR-puly.js             [39m[1m[2m  1.50 kB[22m[1m[22m[2m │ gzip:  0.67 kB[22m
[2m.svelte-kit/output/client/[22m[36m_app/immutable/nodes/3.gXm6TPLN.js            [39m[1m[2m  1.53 kB[22m[1m[22m[2m │ gzip:  0.79 kB[22m
[2m.svelte-kit/output/client/[22m[36m_app/immutable/chunks/2dpwtk3M.js             [39m[1m[2m  1.86 kB[22m[1m[22m[2m │ gzip:  0.81 kB[22m
[2m.svelte-kit/output/client/[22m[36m_app/immutable/chunks/ChLLlQju.js             [39m[1m[2m  2.28 kB[22m[1m[22m[2m │ gzip:  1.18 kB[22m
[2m.svelte-kit/output/client/[22m[36m_app/immutable/nodes/12.Br1MKTOr.js           [39m[1m[2m  2.60 kB[22m[1m[22m[2m │ gzip:  1.31 kB[22m
[2m.svelte-kit/output/client/[22m[36m_app/immutable/nodes/0.DKpV4CMT.js            [39m[1m[2m  2.81 kB[22m[1m[22m[2m │ gzip:  1.24 kB[22m
[2m.svelte-kit/output/client/[22m[36m_app/immutable/nodes/11.DSGCuzZZ.js           [39m[1m[2m  3.55 kB[22m[1m[22m[2m │ gzip:  1.68 kB[22m
[2m.svelte-kit/output/client/[22m[36m_app/immutable/nodes/10.DIQyCJff.js           [39m[1m[2m  3.59 kB[22m[1m[22m[2m │ gzip:  1.79 kB[22m
[2m.svelte-kit/output/client/[22m[36m_app/immutable/nodes/8.0BGEx2nz.js            [39m[1m[2m  3.71 kB[22m[1m[22m[2m │ gzip:  1.70 kB[22m
[2m.svelte-kit/output/client/[22m[36m_app/immutable/chunks/B1bbJPnZ.js             [39m[1m[2m  3.92 kB[22m[1m[22m[2m │ gzip:  1.86 kB[22m
[2m.svelte-kit/output/client/[22m[36m_app/immutable/chunks/pSv1zaKa.js             [39m[1m[2m  4.85 kB[22m[1m[22m[2m │ gzip:  2.14 kB[22m
[2m.svelte-kit/output/client/[22m[36m_app/immutable/chunks/D0gOWSZ3.js             [39m[1m[2m  5.32 kB[22m[1m[22m[2m │ gzip:  2.26 kB[22m
[2m.svelte-kit/output/client/[22m[36m_app/immutable/nodes/7.QXGUizYE.js            [39m[1m[2m  5.71 kB[22m[1m[22m[2m │ gzip:  2.04 kB[22m
[2m.svelte-kit/output/client/[22m[36m_app/immutable/chunks/ohNLVCAR.js             [39m[1m[2m  7.02 kB[22m[1m[22m[2m │ gzip:  3.25 kB[22m
[2m.svelte-kit/output/client/[22m[36m_app/immutable/entry/app.Bw18Iu_f.js          [39m[1m[2m  8.30 kB[22m[1m[22m[2m │ gzip:  3.31 kB[22m
[2m.svelte-kit/output/client/[22m[36m_app/immutable/chunks/BU6QJJKM.js             [39m[1m[2m  9.17 kB[22m[1m[22m[2m │ gzip:  3.20 kB[22m
[2m.svelte-kit/output/client/[22m[36m_app/immutable/nodes/4.Bw6eXUCs.js            [39m[1m[2m  9.34 kB[22m[1m[22m[2m │ gzip:  2.96 kB[22m
[2m.svelte-kit/output/client/[22m[36m_app/immutable/nodes/9.BBxlegIi.js            [39m[1m[2m 10.14 kB[22m[1m[22m[2m │ gzip:  3.80 kB[22m
[2m.svelte-kit/output/client/[22m[36m_app/immutable/nodes/5.B9p7WEBA.js            [39m[1m[2m 10.91 kB[22m[1m[22m[2m │ gzip:  3.97 kB[22m
[2m.svelte-kit/output/client/[22m[36m_app/immutable/chunks/doHCQzjm.js             [39m[1m[2m 22.79 kB[22m[1m[22m[2m │ gzip:  9.06 kB[22m
[2m.svelte-kit/output/client/[22m[36m_app/immutable/chunks/7lMrT0Rr.js             [39m[1m[2m 30.74 kB[22m[1m[22m[2m │ gzip: 12.03 kB[22m
[2m.svelte-kit/output/client/[22m[36m_app/immutable/nodes/6.D9Ij5pmG.js            [39m[1m[2m101.94 kB[22m[1m[22m[2m │ gzip: 28.01 kB[22m
[32m✓ built in 2.10s[39m
[2m.svelte-kit/output/server/[22m[32m.vite/manifest.json                                 [39m[1m[2m  8.74 kB[22m[1m[22m
[2m.svelte-kit/output/server/[22m[35m_app/immutable/assets/constants.B3xxy-pT.css        [39m[1m[2m  0.20 kB[22m[1m[22m
[2m.svelte-kit/output/server/[22m[35m_app/immutable/assets/_page.L4uG7g_F.css            [39m[1m[2m  0.37 kB[22m[1m[22m
[2m.svelte-kit/output/server/[22m[35m_app/immutable/assets/_layout.CZlx_fZj.css          [39m[1m[2m 52.25 kB[22m[1m[22m
[2m.svelte-kit/output/server/[22m[36mchunks/false.js                                     [39m[1m[2m  0.05 kB[22m[1m[22m
[2m.svelte-kit/output/server/[22m[36mentries/pages/demo/_page.server.ts.js               [39m[1m[2m  0.12 kB[22m[1m[22m
[2m.svelte-kit/output/server/[22m[36mentries/pages/(app)/_layout.svelte.js               [39m[1m[2m  0.30 kB[22m[1m[22m
[2m.svelte-kit/output/server/[22m[36minternal.js                                         [39m[1m[2m  0.33 kB[22m[1m[22m
[2m.svelte-kit/output/server/[22m[36mchunks/state.svelte.js                              [39m[1m[2m  0.38 kB[22m[1m[22m
[2m.svelte-kit/output/server/[22m[36mchunks/Card.js                                      [39m[1m[2m  0.46 kB[22m[1m[22m
[2m.svelte-kit/output/server/[22m[36mchunks/auth2.js                                     [39m[1m[2m  0.50 kB[22m[1m[22m
[2m.svelte-kit/output/server/[22m[36mchunks/environment.js                               [39m[1m[2m  0.62 kB[22m[1m[22m
[2m.svelte-kit/output/server/[22m[36mchunks/stores.js                                    [39m[1m[2m  0.69 kB[22m[1m[22m
[2m.svelte-kit/output/server/[22m[36mentries/hooks.server.js                             [39m[1m[2m  0.82 kB[22m[1m[22m
[2m.svelte-kit/output/server/[22m[36mentries/fallbacks/error.svelte.js                   [39m[1m[2m  1.09 kB[22m[1m[22m
[2m.svelte-kit/output/server/[22m[36mchunks/utils.js                                     [39m[1m[2m  1.15 kB[22m[1m[22m
[2m.svelte-kit/output/server/[22m[36mchunks/auth.js                                      [39m[1m[2m  1.25 kB[22m[1m[22m
[2m.svelte-kit/output/server/[22m[36mentries/pages/(auth)/_layout.svelte.js              [39m[1m[2m  1.44 kB[22m[1m[22m
[2m.svelte-kit/output/server/[22m[36mentries/pages/auth/callback/_page.svelte.js         [39m[1m[2m  1.44 kB[22m[1m[22m
[2m.svelte-kit/output/server/[22m[36mchunks/Input.js                                     [39m[1m[2m  1.66 kB[22m[1m[22m
[2m.svelte-kit/output/server/[22m[36mchunks/context.js                                   [39m[1m[2m  1.70 kB[22m[1m[22m
[2m.svelte-kit/output/server/[22m[36mchunks/Button.js                                    [39m[1m[2m  1.83 kB[22m[1m[22m
[2m.svelte-kit/output/server/[22m[36mchunks/client.js                                    [39m[1m[2m  2.06 kB[22m[1m[22m
[2m.svelte-kit/output/server/[22m[36mentries/pages/_layout.svelte.js                     [39m[1m[2m  2.48 kB[22m[1m[22m
[2m.svelte-kit/output/server/[22m[36mchunks/index.js                                     [39m[1m[2m  2.77 kB[22m[1m[22m
[2m.svelte-kit/output/server/[22m[36mentries/pages/(auth)/register/_page.svelte.js       [39m[1m[2m  4.04 kB[22m[1m[22m
[2m.svelte-kit/output/server/[22m[36mentries/pages/(app)/team/_page.svelte.js            [39m[1m[2m  4.38 kB[22m[1m[22m
[2m.svelte-kit/output/server/[22m[36mentries/pages/(auth)/login/_page.svelte.js          [39m[1m[2m  4.45 kB[22m[1m[22m
[2m.svelte-kit/output/server/[22m[36mchunks/constants.js                                 [39m[1m[2m  5.54 kB[22m[1m[22m
[2m.svelte-kit/output/server/[22m[36mchunks/exports.js                                   [39m[1m[2m  5.59 kB[22m[1m[22m
[2m.svelte-kit/output/server/[22m[36mentries/pages/(app)/settings/_page.svelte.js        [39m[1m[2m  6.08 kB[22m[1m[22m
[2m.svelte-kit/output/server/[22m[36mentries/pages/(app)/workspace/_id_/_page.svelte.js  [39m[1m[2m  6.68 kB[22m[1m[22m
[2m.svelte-kit/output/server/[22m[36mchunks/AppSidebar.js                                [39m[1m[2m  7.96 kB[22m[1m[22m
[2m.svelte-kit/output/server/[22m[36mentries/pages/_page.svelte.js                       [39m[1m[2m  9.72 kB[22m[1m[22m
[2m.svelte-kit/output/server/[22m[36mentries/pages/(app)/dashboard/_page.svelte.js       [39m[1m[2m 10.01 kB[22m[1m[22m
[2m.svelte-kit/output/server/[22m[36mremote-entry.js                                     [39m[1m[2m 19.00 kB[22m[1m[22m
[2m.svelte-kit/output/server/[22m[36mchunks/shared.js                                    [39m[1m[2m 25.96 kB[22m[1m[22m
[2m.svelte-kit/output/server/[22m[36mchunks/index2.js                                    [39m[1m[2m 29.17 kB[22m[1m[22m
[2m.svelte-kit/output/server/[22m[36mchunks/internal.js                                  [39m[1m[2m 30.05 kB[22m[1m[22m
[2m.svelte-kit/output/server/[22m[36mchunks/utils2.js                                    [39m[1m[2m 52.86 kB[22m[1m[22m
[2m.svelte-kit/output/server/[22m[36mentries/pages/(app)/editor/_id_/_page.svelte.js     [39m[1m[2m 97.98 kB[22m[1m[22m
[2m.svelte-kit/output/server/[22m[36mindex.js                                            [39m[1m[2m120.36 kB[22m[1m[22m
[32m✓ built in 6.18s[39m

Run npm run preview to preview your production build locally.

> Using @sveltejs/adapter-vercel
[31merror during 
build:
Error: EPERM: 
operation not 
permitted, symlink 
'![-]\catchall.func' 
-> 'D:\Kegabutan\GraDiO
l\frontend\.vercel\outp
ut\functions\index.func
'
    at 
Object.symlinkSync 
(node:fs:1889:11)
    at adapt (file:///D
:/Kegabutan/GraDiOl/fro
ntend/node_modules/@sve
ltejs/adapter-vercel/in
dex.js:476:9)
    at async adapt (fil
e:///D:/Kegabutan/GraDi
Ol/frontend/node_module
s/@sveltejs/kit/src/cor
e/adapt/index.js:41:2)
    at async finalise (
file:///D:/Kegabutan/Gr
aDiOl/frontend/node_mod
ules/@sveltejs/kit/src/
exports/vite/index.js:1
337:7)
    at async 
Object.handler (file://
/D:/Kegabutan/GraDiOl/f
rontend/node_modules/@s
veltejs/kit/src/exports
/vite/index.js:1368:5)
    at async PluginDriv
er.hookParallel (file:/
//D:/Kegabutan/GraDiOl/
frontend/node_modules/r
ollup/dist/es/shared/no
de-entry.js:22452:17)
    at async 
Object.close (file:///D
:/Kegabutan/GraDiOl/fro
ntend/node_modules/roll
up/dist/es/shared/node-
entry.js:23471:13)
    at async 
buildEnvironment (file:
///D:/Kegabutan/GraDiOl
/frontend/node_modules/
vite/dist/node/chunks/c
onfig.js:33555:15)
    at async 
Object.build (file:///D
:/Kegabutan/GraDiOl/fro
ntend/node_modules/vite
/dist/node/chunks/confi
g.js:33900:19)
    at async 
Object.buildApp (file:/
//D:/Kegabutan/GraDiOl/
frontend/node_modules/v
ite/dist/node/chunks/co
nfig.js:33897:153)[39m
